interactions:
- request:
    body: null
    headers:
      Accept:
      - application/json;version=2
    method: GET
    uri: https://foreman.example.com/api/status
  response:
    body:
      string: !!python/unicode '{"result":"ok","status":200,"version":"1.21.3","api_version":2}'
    headers:
      apipie-checksum:
      - 672b88b46ab1731b689cdfb47ff678eed6356831
      cache-control:
      - max-age=0, private, must-revalidate
      content-length:
      - '63'
      content-security-policy:
      - 'default-src ''self''; child-src ''self''; connect-src ''self'' ws: wss:;
        img-src ''self'' data: *.gravatar.com; script-src ''unsafe-eval'' ''unsafe-inline''
        ''self''; style-src ''unsafe-inline'' ''self'''
      content-type:
      - application/json; charset=utf-8
      date:
      - Mon, 27 May 2019 15:33:54 GMT
      etag:
      - W/"8ae0d3efe0e232e2a73486dc1f2e0fbb"
      foreman_api_version:
      - '2'
      foreman_version:
      - 1.21.3
      server:
      - Apache
      set-cookie:
      - _session_id=2c474d4cee78eddbee978fc820b6d219; path=/; secure; HttpOnly; SameSite=Lax
      status:
      - 200 OK
      strict-transport-security:
      - max-age=631139040; includeSubdomains
      x-content-type-options:
      - nosniff
      x-download-options:
      - noopen
      x-frame-options:
      - sameorigin
      x-permitted-cross-domain-policies:
      - none
      x-powered-by:
      - Phusion Passenger 4.0.53
      x-request-id:
      - e4dbb35e-9937-4809-ac45-ea984aed767d
      x-runtime:
      - '0.102163'
      x-xss-protection:
      - 1; mode=block
    status:
      code: 200
      message: OK
- request:
    body: null
    headers:
      Accept:
      - application/json;version=2
      Cookie:
      - _session_id=2c474d4cee78eddbee978fc820b6d219
    method: GET
    uri: https://foreman.example.com/api/bookmarks?per_page=4294967296&search=name%3D%22test%22%2Ccontroller%3D%22job_invocations%22&thin=False
  response:
    body:
      string: !!python/unicode "{\n  \"total\": 19,\n  \"subtotal\": 1,\n  \"page\"\
        : 1,\n  \"per_page\": 4294967296,\n  \"search\": \"name=\\\"test\\\",controller=\\\
        \"job_invocations\\\"\",\n  \"sort\": {\n    \"by\": null,\n    \"order\"\
        : null\n  },\n  \"results\": [{\"name\":\"test\",\"controller\":\"job_invocations\"\
        ,\"query\":\"started_at > 24 hours ago\",\"public\":true,\"id\":20,\"owner_id\"\
        :4,\"owner_type\":\"User\"}]\n}\n"
    headers:
      apipie-checksum:
      - 672b88b46ab1731b689cdfb47ff678eed6356831
      cache-control:
      - max-age=0, private, must-revalidate
      content-security-policy:
      - 'default-src ''self''; child-src ''self''; connect-src ''self'' ws: wss:;
        img-src ''self'' data: *.gravatar.com; script-src ''unsafe-eval'' ''unsafe-inline''
        ''self''; style-src ''unsafe-inline'' ''self'''
      content-type:
      - application/json; charset=utf-8
      date:
      - Mon, 27 May 2019 15:33:55 GMT
      etag:
      - W/"70a19b180cf75b011fe5830a7a8c5ce5"
      foreman_api_version:
      - '2'
      foreman_version:
      - 1.21.3
      server:
      - Apache
      status:
      - 200 OK
      strict-transport-security:
      - max-age=631139040; includeSubdomains
      transfer-encoding:
      - chunked
      vary:
      - Accept-Encoding
      x-content-type-options:
      - nosniff
      x-download-options:
      - noopen
      x-frame-options:
      - sameorigin
      x-permitted-cross-domain-policies:
      - none
      x-powered-by:
      - Phusion Passenger 4.0.53
      x-request-id:
      - 70977df2-7ae1-4009-bbec-f928402a374a
      x-runtime:
      - '0.064705'
      x-xss-protection:
      - 1; mode=block
    status:
      code: 200
      message: OK
- request:
    body: null
    headers:
      Accept:
      - application/json;version=2
      Cookie:
      - _session_id=2c474d4cee78eddbee978fc820b6d219
    method: GET
    uri: https://foreman.example.com/api/bookmarks/20
  response:
    body:
      string: !!python/unicode '{"name":"test","controller":"job_invocations","query":"started_at
        > 24 hours ago","public":true,"id":20,"owner_id":4,"owner_type":"User"}'
    headers:
      apipie-checksum:
      - 672b88b46ab1731b689cdfb47ff678eed6356831
      cache-control:
      - max-age=0, private, must-revalidate
      content-security-policy:
      - 'default-src ''self''; child-src ''self''; connect-src ''self'' ws: wss:;
        img-src ''self'' data: *.gravatar.com; script-src ''unsafe-eval'' ''unsafe-inline''
        ''self''; style-src ''unsafe-inline'' ''self'''
      content-type:
      - application/json; charset=utf-8
      date:
      - Mon, 27 May 2019 15:33:55 GMT
      etag:
      - W/"20d8b93746731d755fa43aa8255659e7"
      foreman_api_version:
      - '2'
      foreman_version:
      - 1.21.3
      server:
      - Apache
      status:
      - 200 OK
      strict-transport-security:
      - max-age=631139040; includeSubdomains
      transfer-encoding:
      - chunked
      vary:
      - Accept-Encoding
      x-content-type-options:
      - nosniff
      x-download-options:
      - noopen
      x-frame-options:
      - sameorigin
      x-permitted-cross-domain-policies:
      - none
      x-powered-by:
      - Phusion Passenger 4.0.53
      x-request-id:
      - 29a9a04a-d244-4841-a8d6-c54d8331e4c0
      x-runtime:
      - '0.238355'
      x-xss-protection:
      - 1; mode=block
    status:
      code: 200
      message: OK
version: 1
