interactions:
- request:
    body: null
    headers:
      Accept:
      - application/json;version=2
    method: GET
    uri: https://foreman.example.com/api/status
  response:
    body:
      string: '{"result":"ok","status":200,"version":"1.21.3","api_version":2}'
    headers:
      Apipie-Checksum:
      - 672b88b46ab1731b689cdfb47ff678eed6356831
      Cache-Control:
      - max-age=0, private, must-revalidate
      Content-Length:
      - '63'
      Content-Security-Policy:
      - 'default-src ''self''; child-src ''self''; connect-src ''self'' ws: wss:;
        img-src ''self'' data: *.gravatar.com; script-src ''unsafe-eval'' ''unsafe-inline''
        ''self''; style-src ''unsafe-inline'' ''self'''
      Content-Type:
      - application/json; charset=utf-8
      Date:
      - Mon, 27 May 2019 17:20:27 GMT
      ETag:
      - W/"8ae0d3efe0e232e2a73486dc1f2e0fbb"
      Foreman_api_version:
      - '2'
      Foreman_version:
      - 1.21.3
      Server:
      - Apache
      Set-Cookie:
      - _session_id=5bed070d72bdbc1caf6f1f0c434fdcbe; path=/; secure; HttpOnly; SameSite=Lax
      Status:
      - 200 OK
      Strict-Transport-Security:
      - max-age=631139040; includeSubdomains
      X-Content-Type-Options:
      - nosniff
      X-Download-Options:
      - noopen
      X-Frame-Options:
      - sameorigin
      X-Permitted-Cross-Domain-Policies:
      - none
      X-Powered-By:
      - Phusion Passenger 4.0.53
      X-Request-Id:
      - 02858228-00fa-4850-bf01-99a84ceb5934
      X-Runtime:
      - '0.103941'
      X-XSS-Protection:
      - 1; mode=block
    status:
      code: 200
      message: OK
- request:
    body: null
    headers:
      Accept:
      - application/json;version=2
      Cookie:
      - _session_id=5bed070d72bdbc1caf6f1f0c434fdcbe
    method: GET
    uri: https://foreman.example.com/api/bookmarks?thin=False&search=name%3D%22test%22%2Ccontroller%3D%22job_invocations%22&per_page=4294967296
  response:
    body:
      string: "{\n  \"total\": 19,\n  \"subtotal\": 1,\n  \"page\": 1,\n  \"per_page\"\
        : 4294967296,\n  \"search\": \"name=\\\"test\\\",controller=\\\"job_invocations\\\
        \"\",\n  \"sort\": {\n    \"by\": null,\n    \"order\": null\n  },\n  \"results\"\
        : [{\"name\":\"test\",\"controller\":\"job_invocations\",\"query\":\"started_at\
        \ > 24 hours ago\",\"public\":true,\"id\":21,\"owner_id\":4,\"owner_type\"\
        :\"User\"}]\n}\n"
    headers:
      Apipie-Checksum:
      - 672b88b46ab1731b689cdfb47ff678eed6356831
      Cache-Control:
      - max-age=0, private, must-revalidate
      Content-Security-Policy:
      - 'default-src ''self''; child-src ''self''; connect-src ''self'' ws: wss:;
        img-src ''self'' data: *.gravatar.com; script-src ''unsafe-eval'' ''unsafe-inline''
        ''self''; style-src ''unsafe-inline'' ''self'''
      Content-Type:
      - application/json; charset=utf-8
      Date:
      - Mon, 27 May 2019 17:20:27 GMT
      ETag:
      - W/"db64d690a9b00732306d097856222908"
      Foreman_api_version:
      - '2'
      Foreman_version:
      - 1.21.3
      Server:
      - Apache
      Status:
      - 200 OK
      Strict-Transport-Security:
      - max-age=631139040; includeSubdomains
      Transfer-Encoding:
      - chunked
      Vary:
      - Accept-Encoding
      X-Content-Type-Options:
      - nosniff
      X-Download-Options:
      - noopen
      X-Frame-Options:
      - sameorigin
      X-Permitted-Cross-Domain-Policies:
      - none
      X-Powered-By:
      - Phusion Passenger 4.0.53
      X-Request-Id:
      - 8af9c739-544e-4d74-a17f-ce1ae38ec521
      X-Runtime:
      - '0.062457'
      X-XSS-Protection:
      - 1; mode=block
    status:
      code: 200
      message: OK
- request:
    body: null
    headers:
      Accept:
      - application/json;version=2
      Cookie:
      - _session_id=5bed070d72bdbc1caf6f1f0c434fdcbe
    method: GET
    uri: https://foreman.example.com/api/bookmarks/21
  response:
    body:
      string: '{"name":"test","controller":"job_invocations","query":"started_at >
        24 hours ago","public":true,"id":21,"owner_id":4,"owner_type":"User"}'
    headers:
      Apipie-Checksum:
      - 672b88b46ab1731b689cdfb47ff678eed6356831
      Cache-Control:
      - max-age=0, private, must-revalidate
      Content-Security-Policy:
      - 'default-src ''self''; child-src ''self''; connect-src ''self'' ws: wss:;
        img-src ''self'' data: *.gravatar.com; script-src ''unsafe-eval'' ''unsafe-inline''
        ''self''; style-src ''unsafe-inline'' ''self'''
      Content-Type:
      - application/json; charset=utf-8
      Date:
      - Mon, 27 May 2019 17:20:27 GMT
      ETag:
      - W/"f7c0c3350ec5fcc7f1cc85ecd3d0b1af"
      Foreman_api_version:
      - '2'
      Foreman_version:
      - 1.21.3
      Server:
      - Apache
      Status:
      - 200 OK
      Strict-Transport-Security:
      - max-age=631139040; includeSubdomains
      Transfer-Encoding:
      - chunked
      Vary:
      - Accept-Encoding
      X-Content-Type-Options:
      - nosniff
      X-Download-Options:
      - noopen
      X-Frame-Options:
      - sameorigin
      X-Permitted-Cross-Domain-Policies:
      - none
      X-Powered-By:
      - Phusion Passenger 4.0.53
      X-Request-Id:
      - 69edb70a-9f8c-4d7f-9fae-63edc8c01be3
      X-Runtime:
      - '0.052343'
      X-XSS-Protection:
      - 1; mode=block
    status:
      code: 200
      message: OK
version: 1
