interactions:
- request:
    body: null
    headers:
      Accept:
      - application/json;version=2
    method: GET
    uri: https://foreman.example.com/api/status
  response:
    body:
      string: '{"result":"ok","status":200,"version":"1.21.3","api_version":2}'
    headers:
      Apipie-Checksum:
      - 672b88b46ab1731b689cdfb47ff678eed6356831
      Cache-Control:
      - max-age=0, private, must-revalidate
      Content-Length:
      - '63'
      Content-Security-Policy:
      - 'default-src ''self''; child-src ''self''; connect-src ''self'' ws: wss:;
        img-src ''self'' data: *.gravatar.com; script-src ''unsafe-eval'' ''unsafe-inline''
        ''self''; style-src ''unsafe-inline'' ''self'''
      Content-Type:
      - application/json; charset=utf-8
      Date:
      - Thu, 30 May 2019 21:43:37 GMT
      ETag:
      - W/"8ae0d3efe0e232e2a73486dc1f2e0fbb"
      Foreman_api_version:
      - '2'
      Foreman_version:
      - 1.21.3
      Server:
      - Apache
      Set-Cookie:
      - _session_id=46a280fcfa945745d2df1f935f2da3d8; path=/; secure; HttpOnly; SameSite=Lax
      Status:
      - 200 OK
      Strict-Transport-Security:
      - max-age=631139040; includeSubdomains
      X-Content-Type-Options:
      - nosniff
      X-Download-Options:
      - noopen
      X-Frame-Options:
      - sameorigin
      X-Permitted-Cross-Domain-Policies:
      - none
      X-Powered-By:
      - Phusion Passenger 4.0.53
      X-Request-Id:
      - 1792b94f-2421-43bb-887d-6689a9cbb29e
      X-Runtime:
      - '0.084455'
      X-XSS-Protection:
      - 1; mode=block
    status:
      code: 200
      message: OK
- request:
    body: null
    headers:
      Accept:
      - application/json;version=2
      Cookie:
      - _session_id=46a280fcfa945745d2df1f935f2da3d8
    method: GET
    uri: https://foreman.example.com/api/users?thin=False&search=login%3D%22test%22&per_page=4294967296
  response:
    body:
      string: "{\n  \"total\": 2,\n  \"subtotal\": 1,\n  \"page\": 1,\n  \"per_page\"\
        : 4294967296,\n  \"search\": \"login=\\\"test\\\"\",\n  \"sort\": {\n    \"\
        by\": null,\n    \"order\": null\n  },\n  \"results\": [{\"firstname\":\"\
        Test\",\"lastname\":\"Userson\",\"mail\":\"test.userson@example.com\",\"admin\"\
        :false,\"auth_source_id\":1,\"auth_source_name\":\"Internal\",\"timezone\"\
        :\"Stockholm\",\"locale\":\"sv_SE\",\"last_login_on\":null,\"created_at\"\
        :\"2019-05-30 23:43:36 +0200\",\"updated_at\":\"2019-05-30 23:43:36 +0200\"\
        ,\"id\":18,\"login\":\"test\",\"description\":\"Dr. Test Userson\",\"ssh_keys\"\
        :[],\"default_location\":{\"id\":43,\"name\":\"Test Location\",\"title\":\"\
        Test Location\",\"description\":null},\"locations\":[{\"id\":43,\"name\":\"\
        Test Location\"}],\"default_organization\":{\"id\":44,\"name\":\"Test Organization\"\
        ,\"title\":\"Test Organization\",\"description\":\"A test organization\"},\"\
        organizations\":[{\"id\":44,\"name\":\"Test Organization\"}],\"effective_admin\"\
        :false}]\n}\n"
    headers:
      Apipie-Checksum:
      - 672b88b46ab1731b689cdfb47ff678eed6356831
      Cache-Control:
      - max-age=0, private, must-revalidate
      Content-Security-Policy:
      - 'default-src ''self''; child-src ''self''; connect-src ''self'' ws: wss:;
        img-src ''self'' data: *.gravatar.com; script-src ''unsafe-eval'' ''unsafe-inline''
        ''self''; style-src ''unsafe-inline'' ''self'''
      Content-Type:
      - application/json; charset=utf-8
      Date:
      - Thu, 30 May 2019 21:43:37 GMT
      ETag:
      - W/"77880e68904b9b092274b115dd70cc75"
      Foreman_api_version:
      - '2'
      Foreman_version:
      - 1.21.3
      Server:
      - Apache
      Status:
      - 200 OK
      Strict-Transport-Security:
      - max-age=631139040; includeSubdomains
      Transfer-Encoding:
      - chunked
      Vary:
      - Accept-Encoding
      X-Content-Type-Options:
      - nosniff
      X-Download-Options:
      - noopen
      X-Frame-Options:
      - sameorigin
      X-Permitted-Cross-Domain-Policies:
      - none
      X-Powered-By:
      - Phusion Passenger 4.0.53
      X-Request-Id:
      - c609d4d9-63fb-4eaa-91b1-58a6906c1fe9
      X-Runtime:
      - '0.074926'
      X-XSS-Protection:
      - 1; mode=block
    status:
      code: 200
      message: OK
- request:
    body: null
    headers:
      Accept:
      - application/json;version=2
      Cookie:
      - _session_id=46a280fcfa945745d2df1f935f2da3d8
    method: GET
    uri: https://foreman.example.com/api/users/18
  response:
    body:
      string: '{"firstname":"Test","lastname":"Userson","mail":"test.userson@example.com","admin":false,"auth_source_id":1,"auth_source_name":"Internal","timezone":"Stockholm","locale":"sv_SE","last_login_on":null,"created_at":"2019-05-30
        23:43:36 +0200","updated_at":"2019-05-30 23:43:36 +0200","id":18,"login":"test","description":"Dr.
        Test Userson","ssh_keys":[],"default_location":{"id":43,"name":"Test Location","title":"Test
        Location","description":null},"locations":[{"id":43,"name":"Test Location","title":"Test
        Location","description":null}],"default_organization":{"id":44,"name":"Test
        Organization","title":"Test Organization","description":"A test organization"},"organizations":[{"id":44,"name":"Test
        Organization","title":"Test Organization","description":"A test organization"}],"effective_admin":false,"cached_usergroups":[],"auth_source_internal":{"id":1,"type":"AuthSourceInternal","name":"Internal"},"mail_notifications":[],"roles":[{"name":"Manager","id":2,"description":"Role
        granting all available permissions. With this role, user is able to do everything
        that admin can except for changing settings.","origin":"foreman"}],"usergroups":[]}'
    headers:
      Apipie-Checksum:
      - 672b88b46ab1731b689cdfb47ff678eed6356831
      Cache-Control:
      - max-age=0, private, must-revalidate
      Content-Security-Policy:
      - 'default-src ''self''; child-src ''self''; connect-src ''self'' ws: wss:;
        img-src ''self'' data: *.gravatar.com; script-src ''unsafe-eval'' ''unsafe-inline''
        ''self''; style-src ''unsafe-inline'' ''self'''
      Content-Type:
      - application/json; charset=utf-8
      Date:
      - Thu, 30 May 2019 21:43:37 GMT
      ETag:
      - W/"9c0d5377831718dcac379f5cf84a9153"
      Foreman_api_version:
      - '2'
      Foreman_version:
      - 1.21.3
      Server:
      - Apache
      Status:
      - 200 OK
      Strict-Transport-Security:
      - max-age=631139040; includeSubdomains
      Transfer-Encoding:
      - chunked
      Vary:
      - Accept-Encoding
      X-Content-Type-Options:
      - nosniff
      X-Download-Options:
      - noopen
      X-Frame-Options:
      - sameorigin
      X-Permitted-Cross-Domain-Policies:
      - none
      X-Powered-By:
      - Phusion Passenger 4.0.53
      X-Request-Id:
      - b2cdb91d-a5be-4384-8f64-dcf3039dda49
      X-Runtime:
      - '0.095540'
      X-XSS-Protection:
      - 1; mode=block
    status:
      code: 200
      message: OK
- request:
    body: null
    headers:
      Accept:
      - application/json;version=2
      Cookie:
      - _session_id=46a280fcfa945745d2df1f935f2da3d8
    method: GET
    uri: https://foreman.example.com/api/locations?thin=True&search=name%3D%22Test+Location%22&per_page=4294967296
  response:
    body:
      string: "{\n  \"total\": 3,\n  \"subtotal\": 1,\n  \"page\": 1,\n  \"per_page\"\
        : 4294967296,\n  \"search\": \"name=\\\"Test Location\\\"\",\n  \"sort\":\
        \ {\n    \"by\": null,\n    \"order\": null\n  },\n  \"results\": [{\"ancestry\"\
        :null,\"parent_id\":null,\"parent_name\":null,\"created_at\":\"2019-05-30\
        \ 23:43:27 +0200\",\"updated_at\":\"2019-05-30 23:43:27 +0200\",\"id\":43,\"\
        name\":\"Test Location\",\"title\":\"Test Location\",\"description\":null}]\n\
        }\n"
    headers:
      Apipie-Checksum:
      - 672b88b46ab1731b689cdfb47ff678eed6356831
      Cache-Control:
      - max-age=0, private, must-revalidate
      Content-Security-Policy:
      - 'default-src ''self''; child-src ''self''; connect-src ''self'' ws: wss:;
        img-src ''self'' data: *.gravatar.com; script-src ''unsafe-eval'' ''unsafe-inline''
        ''self''; style-src ''unsafe-inline'' ''self'''
      Content-Type:
      - application/json; charset=utf-8
      Date:
      - Thu, 30 May 2019 21:43:38 GMT
      ETag:
      - W/"0eefc0107f6ed00ef14cc631441f6387"
      Foreman_api_version:
      - '2'
      Foreman_version:
      - 1.21.3
      Server:
      - Apache
      Status:
      - 200 OK
      Strict-Transport-Security:
      - max-age=631139040; includeSubdomains
      Transfer-Encoding:
      - chunked
      Vary:
      - Accept-Encoding
      X-Content-Type-Options:
      - nosniff
      X-Download-Options:
      - noopen
      X-Frame-Options:
      - sameorigin
      X-Permitted-Cross-Domain-Policies:
      - none
      X-Powered-By:
      - Phusion Passenger 4.0.53
      X-Request-Id:
      - 4dc795eb-f10e-402d-8413-d89896580d01
      X-Runtime:
      - '0.041254'
      X-XSS-Protection:
      - 1; mode=block
    status:
      code: 200
      message: OK
- request:
    body: null
    headers:
      Accept:
      - application/json;version=2
      Cookie:
      - _session_id=46a280fcfa945745d2df1f935f2da3d8
    method: GET
    uri: https://foreman.example.com/katello/api/organizations?thin=True&search=name%3D%22Test+Organization%22&per_page=4294967296
  response:
    body:
      string: "{\n  \"total\": 2,\n  \"subtotal\": 1,\n  \"page\": 1,\n  \"per_page\"\
        : 4294967296,\n  \"search\": \"name=\\\"Test Organization\\\"\",\n  \"sort\"\
        : {\n    \"by\": null,\n    \"order\": null\n  },\n  \"results\": [{\"label\"\
        :\"Test_Organization\",\"created_at\":\"2019-05-30 23:43:31 +0200\",\"updated_at\"\
        :\"2019-05-30 23:43:31 +0200\",\"id\":44,\"name\":\"Test Organization\",\"\
        title\":\"Test Organization\",\"description\":\"A test organization\"}]\n\
        }\n"
    headers:
      Apipie-Checksum:
      - 672b88b46ab1731b689cdfb47ff678eed6356831
      Cache-Control:
      - max-age=0, private, must-revalidate
      Content-Security-Policy:
      - 'default-src ''self''; child-src ''self''; connect-src ''self'' ws: wss:;
        img-src ''self'' data: *.gravatar.com; script-src ''unsafe-eval'' ''unsafe-inline''
        ''self''; style-src ''unsafe-inline'' ''self'''
      Content-Type:
      - application/json; charset=utf-8
      Date:
      - Thu, 30 May 2019 21:43:38 GMT
      ETag:
      - W/"cb26336a99d2105e4f5853c3899bb0f7"
      Foreman_api_version:
      - '2'
      Foreman_version:
      - 1.21.3
      Server:
      - Apache
      Status:
      - 200 OK
      Strict-Transport-Security:
      - max-age=631139040; includeSubdomains
      Transfer-Encoding:
      - chunked
      Vary:
      - Accept-Encoding
      X-Content-Type-Options:
      - nosniff
      X-Download-Options:
      - noopen
      X-Frame-Options:
      - sameorigin
      X-Permitted-Cross-Domain-Policies:
      - none
      X-Powered-By:
      - Phusion Passenger 4.0.53
      X-Request-Id:
      - aa97d014-b0a1-48d4-b1e0-8808874b060e
      X-Runtime:
      - '0.041437'
      X-XSS-Protection:
      - 1; mode=block
    status:
      code: 200
      message: OK
- request:
    body: null
    headers:
      Accept:
      - application/json;version=2
      Cookie:
      - _session_id=46a280fcfa945745d2df1f935f2da3d8
    method: GET
    uri: https://foreman.example.com/api/auth_sources?thin=True&search=name%3D%22Internal%22&per_page=4294967296
  response:
    body:
      string: "{\n  \"total\": 1,\n  \"subtotal\": 1,\n  \"page\": 1,\n  \"per_page\"\
        : 4294967296,\n  \"search\": \"name=\\\"Internal\\\"\",\n  \"sort\": {\n \
        \   \"by\": null,\n    \"order\": null\n  },\n  \"results\": [{\"created_at\"\
        :\"2019-05-27 14:54:01 +0200\",\"updated_at\":\"2019-05-27 14:54:01 +0200\"\
        ,\"id\":1,\"type\":\"AuthSourceInternal\",\"name\":\"Internal\",\"locations\"\
        :[{\"id\":1,\"name\":\"Default Location\",\"title\":\"Default Location\",\"\
        description\":null}],\"organizations\":[{\"id\":2,\"name\":\"Default Organization\"\
        ,\"title\":\"Default Organization\",\"description\":null}]}]\n}\n"
    headers:
      Apipie-Checksum:
      - 672b88b46ab1731b689cdfb47ff678eed6356831
      Cache-Control:
      - max-age=0, private, must-revalidate
      Content-Security-Policy:
      - 'default-src ''self''; child-src ''self''; connect-src ''self'' ws: wss:;
        img-src ''self'' data: *.gravatar.com; script-src ''unsafe-eval'' ''unsafe-inline''
        ''self''; style-src ''unsafe-inline'' ''self'''
      Content-Type:
      - application/json; charset=utf-8
      Date:
      - Thu, 30 May 2019 21:43:38 GMT
      ETag:
      - W/"15da7fb6e13c755ac38a2fdcde4fc446"
      Foreman_api_version:
      - '2'
      Foreman_version:
      - 1.21.3
      Server:
      - Apache
      Status:
      - 200 OK
      Strict-Transport-Security:
      - max-age=631139040; includeSubdomains
      Transfer-Encoding:
      - chunked
      Vary:
      - Accept-Encoding
      X-Content-Type-Options:
      - nosniff
      X-Download-Options:
      - noopen
      X-Frame-Options:
      - sameorigin
      X-Permitted-Cross-Domain-Policies:
      - none
      X-Powered-By:
      - Phusion Passenger 4.0.53
      X-Request-Id:
      - c405a137-f00a-43e0-94af-67a7d6285a82
      X-Runtime:
      - '0.049828'
      X-XSS-Protection:
      - 1; mode=block
    status:
      code: 200
      message: OK
- request:
    body: null
    headers:
      Accept:
      - application/json;version=2
      Cookie:
      - _session_id=46a280fcfa945745d2df1f935f2da3d8
    method: GET
    uri: https://foreman.example.com/api/roles?thin=True&search=name%3D%22Manager%22&per_page=4294967296
  response:
    body:
      string: "{\n  \"total\": 16,\n  \"subtotal\": 1,\n  \"page\": 1,\n  \"per_page\"\
        : 4294967296,\n  \"search\": \"name=\\\"Manager\\\"\",\n  \"sort\": {\n  \
        \  \"by\": \"name\",\n    \"order\": \"ASC\"\n  },\n  \"results\": [{\"builtin\"\
        :0,\"cloned_from_id\":null,\"name\":\"Manager\",\"id\":2,\"description\":\"\
        Role granting all available permissions. With this role, user is able to do\
        \ everything that admin can except for changing settings.\",\"origin\":\"\
        foreman\"}]\n}\n"
    headers:
      Apipie-Checksum:
      - 672b88b46ab1731b689cdfb47ff678eed6356831
      Cache-Control:
      - max-age=0, private, must-revalidate
      Content-Security-Policy:
      - 'default-src ''self''; child-src ''self''; connect-src ''self'' ws: wss:;
        img-src ''self'' data: *.gravatar.com; script-src ''unsafe-eval'' ''unsafe-inline''
        ''self''; style-src ''unsafe-inline'' ''self'''
      Content-Type:
      - application/json; charset=utf-8
      Date:
      - Thu, 30 May 2019 21:43:38 GMT
      ETag:
      - W/"bb489da6ef34126e9f6d389de666dd91"
      Foreman_api_version:
      - '2'
      Foreman_version:
      - 1.21.3
      Server:
      - Apache
      Status:
      - 200 OK
      Strict-Transport-Security:
      - max-age=631139040; includeSubdomains
      Transfer-Encoding:
      - chunked
      Vary:
      - Accept-Encoding
      X-Content-Type-Options:
      - nosniff
      X-Download-Options:
      - noopen
      X-Frame-Options:
      - sameorigin
      X-Permitted-Cross-Domain-Policies:
      - none
      X-Powered-By:
      - Phusion Passenger 4.0.53
      X-Request-Id:
      - 51a5c4fb-9ec8-4012-9af0-5797eac7fbf3
      X-Runtime:
      - '0.033955'
      X-XSS-Protection:
      - 1; mode=block
    status:
      code: 200
      message: OK
- request:
    body: null
    headers:
      Accept:
      - application/json;version=2
      Cookie:
      - _session_id=46a280fcfa945745d2df1f935f2da3d8
    method: GET
    uri: https://foreman.example.com/api/locations?thin=True&search=name%3D%22Test+Location%22&per_page=4294967296
  response:
    body:
      string: "{\n  \"total\": 3,\n  \"subtotal\": 1,\n  \"page\": 1,\n  \"per_page\"\
        : 4294967296,\n  \"search\": \"name=\\\"Test Location\\\"\",\n  \"sort\":\
        \ {\n    \"by\": null,\n    \"order\": null\n  },\n  \"results\": [{\"ancestry\"\
        :null,\"parent_id\":null,\"parent_name\":null,\"created_at\":\"2019-05-30\
        \ 23:43:27 +0200\",\"updated_at\":\"2019-05-30 23:43:27 +0200\",\"id\":43,\"\
        name\":\"Test Location\",\"title\":\"Test Location\",\"description\":null}]\n\
        }\n"
    headers:
      Apipie-Checksum:
      - 672b88b46ab1731b689cdfb47ff678eed6356831
      Cache-Control:
      - max-age=0, private, must-revalidate
      Content-Security-Policy:
      - 'default-src ''self''; child-src ''self''; connect-src ''self'' ws: wss:;
        img-src ''self'' data: *.gravatar.com; script-src ''unsafe-eval'' ''unsafe-inline''
        ''self''; style-src ''unsafe-inline'' ''self'''
      Content-Type:
      - application/json; charset=utf-8
      Date:
      - Thu, 30 May 2019 21:43:38 GMT
      ETag:
      - W/"0eefc0107f6ed00ef14cc631441f6387"
      Foreman_api_version:
      - '2'
      Foreman_version:
      - 1.21.3
      Server:
      - Apache
      Status:
      - 200 OK
      Strict-Transport-Security:
      - max-age=631139040; includeSubdomains
      Transfer-Encoding:
      - chunked
      Vary:
      - Accept-Encoding
      X-Content-Type-Options:
      - nosniff
      X-Download-Options:
      - noopen
      X-Frame-Options:
      - sameorigin
      X-Permitted-Cross-Domain-Policies:
      - none
      X-Powered-By:
      - Phusion Passenger 4.0.53
      X-Request-Id:
      - 1bc730bb-2fc4-44ef-b485-628b570271ba
      X-Runtime:
      - '0.039211'
      X-XSS-Protection:
      - 1; mode=block
    status:
      code: 200
      message: OK
- request:
    body: null
    headers:
      Accept:
      - application/json;version=2
      Cookie:
      - _session_id=46a280fcfa945745d2df1f935f2da3d8
    method: GET
    uri: https://foreman.example.com/katello/api/organizations?thin=True&search=name%3D%22Test+Organization%22&per_page=4294967296
  response:
    body:
      string: "{\n  \"total\": 2,\n  \"subtotal\": 1,\n  \"page\": 1,\n  \"per_page\"\
        : 4294967296,\n  \"search\": \"name=\\\"Test Organization\\\"\",\n  \"sort\"\
        : {\n    \"by\": null,\n    \"order\": null\n  },\n  \"results\": [{\"label\"\
        :\"Test_Organization\",\"created_at\":\"2019-05-30 23:43:31 +0200\",\"updated_at\"\
        :\"2019-05-30 23:43:31 +0200\",\"id\":44,\"name\":\"Test Organization\",\"\
        title\":\"Test Organization\",\"description\":\"A test organization\"}]\n\
        }\n"
    headers:
      Apipie-Checksum:
      - 672b88b46ab1731b689cdfb47ff678eed6356831
      Cache-Control:
      - max-age=0, private, must-revalidate
      Content-Security-Policy:
      - 'default-src ''self''; child-src ''self''; connect-src ''self'' ws: wss:;
        img-src ''self'' data: *.gravatar.com; script-src ''unsafe-eval'' ''unsafe-inline''
        ''self''; style-src ''unsafe-inline'' ''self'''
      Content-Type:
      - application/json; charset=utf-8
      Date:
      - Thu, 30 May 2019 21:43:38 GMT
      ETag:
      - W/"cb26336a99d2105e4f5853c3899bb0f7"
      Foreman_api_version:
      - '2'
      Foreman_version:
      - 1.21.3
      Server:
      - Apache
      Status:
      - 200 OK
      Strict-Transport-Security:
      - max-age=631139040; includeSubdomains
      Transfer-Encoding:
      - chunked
      Vary:
      - Accept-Encoding
      X-Content-Type-Options:
      - nosniff
      X-Download-Options:
      - noopen
      X-Frame-Options:
      - sameorigin
      X-Permitted-Cross-Domain-Policies:
      - none
      X-Powered-By:
      - Phusion Passenger 4.0.53
      X-Request-Id:
      - 9c54bc51-12ec-41e5-9e13-191affe2840f
      X-Runtime:
      - '0.046358'
      X-XSS-Protection:
      - 1; mode=block
    status:
      code: 200
      message: OK
version: 1
